// Jest Snapshot v1, https://goo.gl/fbAQLP

exports[`CheeseDetails should match the snapShot 1`] = `
ShallowWrapper {
  "length": 1,
  Symbol(enzyme.__root__): [Circular],
  Symbol(enzyme.__unrendered__): <Unknown
    picture="hi"
/>,
  Symbol(enzyme.__renderer__): Object {
    "batchedUpdates": [Function],
    "getNode": [Function],
    "render": [Function],
    "simulateEvent": [Function],
    "unmount": [Function],
  },
  Symbol(enzyme.__node__): Object {
    "instance": null,
    "key": undefined,
    "nodeType": "host",
    "props": Object {
      "children": <div
        className="overlay-cheese"
>
        <div
                className="cheese-pic-div"
        >
                <img
                        alt="cheese"
                        className="cheese-detail-image"
                        src="https://public.opendatasoft.com/explore/dataset/frenchcheese/files/hi/300/"
                />
        </div>
        <div
                className="cheese-deets"
        >
                <h2
                        className="detail-name"
                />
                <h4
                        className="details"
                />
                <h4
                        className="details"
                >
                        region 
                </h4>
                <h4 />
                <Link
                        className="back"
                        replace={false}
                        to="/"
                >
                        back
                </Link>
        </div>
</div>,
      "className": "cheese-details",
    },
    "ref": null,
    "rendered": Object {
      "instance": null,
      "key": undefined,
      "nodeType": "host",
      "props": Object {
        "children": Array [
          <div
            className="cheese-pic-div"
>
            <img
                        alt="cheese"
                        className="cheese-detail-image"
                        src="https://public.opendatasoft.com/explore/dataset/frenchcheese/files/hi/300/"
            />
</div>,
          <div
            className="cheese-deets"
>
            <h2
                        className="detail-name"
            />
            <h4
                        className="details"
            />
            <h4
                        className="details"
            >
                        region 
            </h4>
            <h4 />
            <Link
                        className="back"
                        replace={false}
                        to="/"
            >
                        back
            </Link>
</div>,
        ],
        "className": "overlay-cheese",
      },
      "ref": null,
      "rendered": Array [
        Object {
          "instance": null,
          "key": undefined,
          "nodeType": "host",
          "props": Object {
            "children": <img
              alt="cheese"
              className="cheese-detail-image"
              src="https://public.opendatasoft.com/explore/dataset/frenchcheese/files/hi/300/"
/>,
            "className": "cheese-pic-div",
          },
          "ref": null,
          "rendered": Object {
            "instance": null,
            "key": undefined,
            "nodeType": "host",
            "props": Object {
              "alt": "cheese",
              "className": "cheese-detail-image",
              "src": "https://public.opendatasoft.com/explore/dataset/frenchcheese/files/hi/300/",
            },
            "ref": null,
            "rendered": null,
            "type": "img",
          },
          "type": "div",
        },
        Object {
          "instance": null,
          "key": undefined,
          "nodeType": "host",
          "props": Object {
            "children": Array [
              <h2
                className="detail-name"
/>,
              <h4
                className="details"
/>,
              <h4
                className="details"
>
                region 
</h4>,
              <h4 />,
              <Link
                className="back"
                replace={false}
                to="/"
>
                back
</Link>,
            ],
            "className": "cheese-deets",
          },
          "ref": null,
          "rendered": Array [
            Object {
              "instance": null,
              "key": undefined,
              "nodeType": "host",
              "props": Object {
                "children": undefined,
                "className": "detail-name",
              },
              "ref": null,
              "rendered": null,
              "type": "h2",
            },
            Object {
              "instance": null,
              "key": undefined,
              "nodeType": "host",
              "props": Object {
                "children": undefined,
                "className": "details",
              },
              "ref": null,
              "rendered": null,
              "type": "h4",
            },
            Object {
              "instance": null,
              "key": undefined,
              "nodeType": "host",
              "props": Object {
                "children": Array [
                  "region ",
                  undefined,
                ],
                "className": "details",
              },
              "ref": null,
              "rendered": Array [
                "region ",
                undefined,
              ],
              "type": "h4",
            },
            Object {
              "instance": null,
              "key": undefined,
              "nodeType": "host",
              "props": Object {
                "children": undefined,
              },
              "ref": null,
              "rendered": null,
              "type": "h4",
            },
            Object {
              "instance": null,
              "key": undefined,
              "nodeType": "class",
              "props": Object {
                "children": "back",
                "className": "back",
                "replace": false,
                "to": "/",
              },
              "ref": null,
              "rendered": "back",
              "type": [Function],
            },
          ],
          "type": "div",
        },
      ],
      "type": "div",
    },
    "type": "section",
  },
  Symbol(enzyme.__nodes__): Array [
    Object {
      "instance": null,
      "key": undefined,
      "nodeType": "host",
      "props": Object {
        "children": <div
          className="overlay-cheese"
>
          <div
                    className="cheese-pic-div"
          >
                    <img
                              alt="cheese"
                              className="cheese-detail-image"
                              src="https://public.opendatasoft.com/explore/dataset/frenchcheese/files/hi/300/"
                    />
          </div>
          <div
                    className="cheese-deets"
          >
                    <h2
                              className="detail-name"
                    />
                    <h4
                              className="details"
                    />
                    <h4
                              className="details"
                    >
                              region 
                    </h4>
                    <h4 />
                    <Link
                              className="back"
                              replace={false}
                              to="/"
                    >
                              back
                    </Link>
          </div>
</div>,
        "className": "cheese-details",
      },
      "ref": null,
      "rendered": Object {
        "instance": null,
        "key": undefined,
        "nodeType": "host",
        "props": Object {
          "children": Array [
            <div
              className="cheese-pic-div"
>
              <img
                            alt="cheese"
                            className="cheese-detail-image"
                            src="https://public.opendatasoft.com/explore/dataset/frenchcheese/files/hi/300/"
              />
</div>,
            <div
              className="cheese-deets"
>
              <h2
                            className="detail-name"
              />
              <h4
                            className="details"
              />
              <h4
                            className="details"
              >
                            region 
              </h4>
              <h4 />
              <Link
                            className="back"
                            replace={false}
                            to="/"
              >
                            back
              </Link>
</div>,
          ],
          "className": "overlay-cheese",
        },
        "ref": null,
        "rendered": Array [
          Object {
            "instance": null,
            "key": undefined,
            "nodeType": "host",
            "props": Object {
              "children": <img
                alt="cheese"
                className="cheese-detail-image"
                src="https://public.opendatasoft.com/explore/dataset/frenchcheese/files/hi/300/"
/>,
              "className": "cheese-pic-div",
            },
            "ref": null,
            "rendered": Object {
              "instance": null,
              "key": undefined,
              "nodeType": "host",
              "props": Object {
                "alt": "cheese",
                "className": "cheese-detail-image",
                "src": "https://public.opendatasoft.com/explore/dataset/frenchcheese/files/hi/300/",
              },
              "ref": null,
              "rendered": null,
              "type": "img",
            },
            "type": "div",
          },
          Object {
            "instance": null,
            "key": undefined,
            "nodeType": "host",
            "props": Object {
              "children": Array [
                <h2
                  className="detail-name"
/>,
                <h4
                  className="details"
/>,
                <h4
                  className="details"
>
                  region 
</h4>,
                <h4 />,
                <Link
                  className="back"
                  replace={false}
                  to="/"
>
                  back
</Link>,
              ],
              "className": "cheese-deets",
            },
            "ref": null,
            "rendered": Array [
              Object {
                "instance": null,
                "key": undefined,
                "nodeType": "host",
                "props": Object {
                  "children": undefined,
                  "className": "detail-name",
                },
                "ref": null,
                "rendered": null,
                "type": "h2",
              },
              Object {
                "instance": null,
                "key": undefined,
                "nodeType": "host",
                "props": Object {
                  "children": undefined,
                  "className": "details",
                },
                "ref": null,
                "rendered": null,
                "type": "h4",
              },
              Object {
                "instance": null,
                "key": undefined,
                "nodeType": "host",
                "props": Object {
                  "children": Array [
                    "region ",
                    undefined,
                  ],
                  "className": "details",
                },
                "ref": null,
                "rendered": Array [
                  "region ",
                  undefined,
                ],
                "type": "h4",
              },
              Object {
                "instance": null,
                "key": undefined,
                "nodeType": "host",
                "props": Object {
                  "children": undefined,
                },
                "ref": null,
                "rendered": null,
                "type": "h4",
              },
              Object {
                "instance": null,
                "key": undefined,
                "nodeType": "class",
                "props": Object {
                  "children": "back",
                  "className": "back",
                  "replace": false,
                  "to": "/",
                },
                "ref": null,
                "rendered": "back",
                "type": [Function],
              },
            ],
            "type": "div",
          },
        ],
        "type": "div",
      },
      "type": "section",
    },
  ],
  Symbol(enzyme.__options__): Object {
    "adapter": ReactSixteenAdapter {
      "options": Object {
        "enableComponentDidUpdateOnSetState": true,
      },
    },
  },
}
`;
