// Jest Snapshot v1, https://goo.gl/fbAQLP

exports[`CheeseContainer should match the snapShot 1`] = `
ShallowWrapper {
  "length": 1,
  Symbol(enzyme.__root__): [Circular],
  Symbol(enzyme.__unrendered__): <CheeseContainer
    addFaveCheese={[Function]}
    cheeses={
        Array [
            Object {
              "id": 6,
              "name": "nacho",
              "picture": "none",
            },
            Object {
              "id": 5,
              "name": "swiss",
              "picture": "none",
            },
          ]
    }
    deleteCheese={[Function]}
    favorites={
        Array [
            Object {
              "id": 6,
              "name": "nacho",
              "picture": "none",
            },
          ]
    }
    handleFetch={[Function]}
    isDuplicate={[Function]}
/>,
  Symbol(enzyme.__renderer__): Object {
    "batchedUpdates": [Function],
    "getNode": [Function],
    "render": [Function],
    "simulateEvent": [Function],
    "unmount": [Function],
  },
  Symbol(enzyme.__node__): Object {
    "instance": null,
    "key": undefined,
    "nodeType": "host",
    "props": Object {
      "children": Array [
        <Unknown
          button={undefined}
          favorites={
                    Array [
                              Object {
                                "id": 6,
                                "name": "nacho",
                                "picture": "none",
                              },
                            ]
          }
          frenchWiki={undefined}
          handleFetch={[Function]}
          id={undefined}
          milk={undefined}
          name="nacho"
          picture="none"
          region={undefined}
          toggleFave={[Function]}
/>,
        <Unknown
          button={undefined}
          favorites={
                    Array [
                              Object {
                                "id": 6,
                                "name": "nacho",
                                "picture": "none",
                              },
                            ]
          }
          frenchWiki={undefined}
          handleFetch={[Function]}
          id={undefined}
          milk={undefined}
          name="swiss"
          picture="none"
          region={undefined}
          toggleFave={[Function]}
/>,
      ],
      "className": "cheeseContainer",
    },
    "ref": null,
    "rendered": Array [
      Object {
        "instance": null,
        "key": undefined,
        "nodeType": "function",
        "props": Object {
          "button": undefined,
          "favorites": Array [
            Object {
              "id": 6,
              "name": "nacho",
              "picture": "none",
            },
          ],
          "frenchWiki": undefined,
          "handleFetch": [Function],
          "id": undefined,
          "milk": undefined,
          "name": "nacho",
          "picture": "none",
          "region": undefined,
          "toggleFave": [Function],
        },
        "ref": null,
        "rendered": null,
        "type": [Function],
      },
      Object {
        "instance": null,
        "key": undefined,
        "nodeType": "function",
        "props": Object {
          "button": undefined,
          "favorites": Array [
            Object {
              "id": 6,
              "name": "nacho",
              "picture": "none",
            },
          ],
          "frenchWiki": undefined,
          "handleFetch": [Function],
          "id": undefined,
          "milk": undefined,
          "name": "swiss",
          "picture": "none",
          "region": undefined,
          "toggleFave": [Function],
        },
        "ref": null,
        "rendered": null,
        "type": [Function],
      },
    ],
    "type": "div",
  },
  Symbol(enzyme.__nodes__): Array [
    Object {
      "instance": null,
      "key": undefined,
      "nodeType": "host",
      "props": Object {
        "children": Array [
          <Unknown
            button={undefined}
            favorites={
                        Array [
                                    Object {
                                      "id": 6,
                                      "name": "nacho",
                                      "picture": "none",
                                    },
                                  ]
            }
            frenchWiki={undefined}
            handleFetch={[Function]}
            id={undefined}
            milk={undefined}
            name="nacho"
            picture="none"
            region={undefined}
            toggleFave={[Function]}
/>,
          <Unknown
            button={undefined}
            favorites={
                        Array [
                                    Object {
                                      "id": 6,
                                      "name": "nacho",
                                      "picture": "none",
                                    },
                                  ]
            }
            frenchWiki={undefined}
            handleFetch={[Function]}
            id={undefined}
            milk={undefined}
            name="swiss"
            picture="none"
            region={undefined}
            toggleFave={[Function]}
/>,
        ],
        "className": "cheeseContainer",
      },
      "ref": null,
      "rendered": Array [
        Object {
          "instance": null,
          "key": undefined,
          "nodeType": "function",
          "props": Object {
            "button": undefined,
            "favorites": Array [
              Object {
                "id": 6,
                "name": "nacho",
                "picture": "none",
              },
            ],
            "frenchWiki": undefined,
            "handleFetch": [Function],
            "id": undefined,
            "milk": undefined,
            "name": "nacho",
            "picture": "none",
            "region": undefined,
            "toggleFave": [Function],
          },
          "ref": null,
          "rendered": null,
          "type": [Function],
        },
        Object {
          "instance": null,
          "key": undefined,
          "nodeType": "function",
          "props": Object {
            "button": undefined,
            "favorites": Array [
              Object {
                "id": 6,
                "name": "nacho",
                "picture": "none",
              },
            ],
            "frenchWiki": undefined,
            "handleFetch": [Function],
            "id": undefined,
            "milk": undefined,
            "name": "swiss",
            "picture": "none",
            "region": undefined,
            "toggleFave": [Function],
          },
          "ref": null,
          "rendered": null,
          "type": [Function],
        },
      ],
      "type": "div",
    },
  ],
  Symbol(enzyme.__options__): Object {
    "adapter": ReactSixteenAdapter {
      "options": Object {
        "enableComponentDidUpdateOnSetState": true,
      },
    },
  },
}
`;
